// Jest Snapshot v1, https://goo.gl/fbAQLP

exports[`Does the full index/base page load?  Loaded in comparison to snapshot 1`] = `
<div
  className="grid"
>
  <div
    className="grid"
  >
    <div
      className="expanding_nav"
    >
      <img
        alt="Open Menu"
        className="menu_icon center"
        src="./assets/img/menu.png"
      />
      <ul
        className="nav"
      >
        <li
          className="menu_item"
          title="Home"
        >
          <a
            alt="Home"
            href="#"
            onClick={[Function]}
          >
            Home
          </a>
        </li>
        <li
          className="menu_item"
          title="About Me"
        >
          <a
            alt="About Me"
            href="#about-me"
            onClick={[Function]}
          >
            About Me
          </a>
        </li>
        <li
          className="menu_item"
          title="Contact Me"
        >
          <a
            alt="Contact Me"
            href="#contact-me"
            onClick={[Function]}
          >
            Contact Me
          </a>
        </li>
        <li
          className="menu_item"
          title="Projects"
        >
          <a
            alt="Projects"
            href="#projects"
            onClick={[Function]}
          >
            Projects
          </a>
        </li>
      </ul>
    </div>
  </div>
  <div
    className="main"
  >
    <header
      className="header row"
    >
      <p>
        Suh Dude!
        <span>
          @JohnFasano
        </span>
      </p>
    </header>
    <section
      className="content row"
    >
      <a
        href="/"
      >
        <img
          className="logo"
          src="./assets/img/logo.png"
        />
      </a>
      <p>
        This is the base content block.
      </p>
    </section>
  </div>
</div>
`;
