// Jest Snapshot v1, https://goo.gl/fbAQLP

exports[`Render HeaderBlock Is it rendered and matching 1`] = `
<header
  className="header row"
>
  <a
    href="/"
  >
    <img
      className="logo"
      src="./assets/img/logo.png"
    />
  </a>
  <p>
    Suh Dude!
    <span>
      @JohnFasano
    </span>
  </p>
</header>
`;
